Using CPython 3.12.14
Creating virtual environment at: .venv
Activate with: source .venv/bin/activate
Resolved 16 packages in 3.08s
Prepared 2 packages in 1.14s
Installed 16 packages in 636ms
 + einops==0.8.2
 + filelock==3.32.5
 + fsspec==2026.7.0
 + jinja2==3.1.6
 + markupsafe==3.0.3
 + mpmath==1.3.0
 + networkx==3.6.1
 + numpy==2.5.2
 + pillow==12.3.0
 + safetensors==0.8.0
 + setuptools==84.0.0
 + spandrel==0.4.2
 + sympy==1.14.0
 + torch==2.13.0
 + torchvision==0.28.0
 + typing-extensions==4.16.0
